// Jest Snapshot v1, https://goo.gl/fbAQLP

exports[`AppToolBar should match snapshot 1`] = `
<header
  className="MuiPaper-root MuiPaper-elevation MuiPaper-elevation4 MuiAppBar-root MuiAppBar-colorPrimary MuiAppBar-positionStatic css-hip9hq-MuiPaper-root-MuiAppBar-root"
>
  <div
    className="MuiToolbar-root MuiToolbar-gutters MuiToolbar-dense css-10ltm04-MuiToolbar-root"
    style={
      Object {
        "display": "flex",
        "justifyContent": "center",
      }
    }
  >
    <div
      className="MuiTypography-root MuiTypography-h6 css-1qp5wg9-MuiTypography-root"
    >
      Coin
    </div>
  </div>
</header>
`;

exports[`Components/AppToolBar should match snapshot 1`] = `
<header
  className="MuiPaper-root MuiPaper-elevation MuiPaper-elevation4 MuiAppBar-root MuiAppBar-colorPrimary MuiAppBar-positionStatic css-hip9hq-MuiPaper-root-MuiAppBar-root"
>
  <div
    className="MuiToolbar-root MuiToolbar-gutters MuiToolbar-dense css-10ltm04-MuiToolbar-root"
    style={
      Object {
        "display": "flex",
        "justifyContent": "center",
      }
    }
  >
    <div
      className="MuiTypography-root MuiTypography-h6 css-1qp5wg9-MuiTypography-root"
    >
      Coin
    </div>
  </div>
</header>
`;
